Microchip MPLAB XC8 Compiler V2.31

Linker command line:

-W-3 --edf=C:\Program Files\Microchip\xc8\v2.31\pic\dat\en_msgs.txt -cn \
  -h+dist/default/production\legotoeff-testsoftware.X.production.sym \
  --cmf=dist/default/production\legotoeff-testsoftware.X.production.cmf -z \
  -Q18F47K40 -oC:\Users\bimbon\AppData\Local\Temp\sb04.2 \
  --defsym=__MPLAB_BUILD=1 \
  -Mdist/default/production/legotoeff-testsoftware.X.production.map -E1 \
  -ver=XC8 Compiler --acfsm=1493 -ASTACK=0FEh-0E87h -pstack=STACK \
  -ACODE=00h-01FFFFh -ACONST=00h-01FFFFh -ASMALLCONST=0F00h-0FFFhx497 \
  -AMEDIUMCONST=0F00h-0FFFFh,010F00h-01FFFFh -ACOMRAM=01h-05Fh \
  -AABS1=00h-0E87h -ABIGRAM=01h-0E87h \
  -ARAM=060h-0FFh,0100h-01FFhx13,0E00h-0E87h -ABANK0=060h-0FFh \
  -ABANK1=0100h-01FFh -ABANK2=0200h-02FFh -ABANK3=0300h-03FFh \
  -ABANK4=0400h-04FFh -ABANK5=0500h-05FFh -ABANK6=0600h-06FFh \
  -ABANK7=0700h-07FFh -ABANK8=0800h-08FFh -ABANK9=0900h-09FFh \
  -ABANK10=0A00h-0AFFh -ABANK11=0B00h-0BFFh -ABANK12=0C00h-0CFFh \
  -ABANK13=0D00h-0DFFh -ABANK14=0E00h-0E87h \
  -ASFR=0E8Dh-0EFFh,0F00h-0F5Fh,0F60h-0FFFh -ACONFIG=0300000h-030000Bh \
  -AIDLOC=0200000h-020000Fh -AEEDATA=0310000h-03103FFh -peeprom_data=EEDATA \
  -preset_vec=00h,intcode=08h,intcodelo,powerup,init -pramtop=0F00h \
  -psmallconst=SMALLCONST -pmediumconst=MEDIUMCONST -pconst=CONST \
  -AFARRAM=00h-00h \
  -prdata=COMRAM,nvrram=COMRAM,nvbit=COMRAM,rbss=COMRAM,rbit=COMRAM \
  -pfarbss=FARRAM,fardata=FARRAM,nvFARRAM=FARRAM \
  -pintsave_regs=BIGRAM,bigbss=BIGRAM,bigdata=BIGRAM -pbss=RAM \
  -pidata=CODE,irdata=CODE,ibigdata=CODE,ifardata=CODE -prparam=COMRAM \
  C:\Users\bimbon\AppData\Local\Temp\sb04.o \
  dist/default/production\legotoeff-testsoftware.X.production.o 

Object code version is 3.11

Machine type is 18F47K40



                Name                               Link     Load   Length Selector   Space Scale
C:\Users\bimbon\AppData\Local\Temp\sb04.o
                idloc                            200000   200000       10        0       5
                config                           300000   300000        C        0       4
                init                                 4E       4E        4        4       0
                reset_vec                             0        0        4        0       0
dist/default/production\legotoeff-testsoftware.X.production.o
                intcode                               8        8       46        4       0
                idloc                            200000   200000       10        0       5
                config                           300000   300000        C        0       4
                temp                                 5D       5D        1        1       1
                mediumconst                        FEBC     FEBC      144     7F5E       0
                text114                           1307A    1307A        2     983D       0
                text113                           1302C    1302C        8     8000       0
                text112                           12B5E    12B5E       32     8000       0
                text111                           12FDA    12FDA        A     8000       0
                text109                           12E9E    12E9E       1A     8000       0
                text108                           1276C    1276C       56     8000       0
                text107                           12FD0    12FD0        A     8000       0
                text106                           12DCE    12DCE       22     8000       0
                text105                           12F94    12F94        E     8000       0
                text104                           12F86    12F86        E     8000       0
                text103                           12F78    12F78        E     8000       0
                text102                           12814    12814       4C     8000       0
                text101                           12F24    12F24       14     8000       0
                text100                           13072    13072        4     8000       0
                text99                            12EB8    12EB8       18     8000       0
                text98                            11F92    11F92       A2     8000       0
                text97                            12E82    12E82       1C     8000       0
                text96                            12EE6    12EE6       16     8000       0
                text95                            12ED0    12ED0       16     8000       0
                text94                            12E2C    12E2C       1E     8000       0
                text93                            12E0E    12E0E       1E     8000       0
                text92                            12F6A    12F6A        E     8000       0
                text91                            12CB0    12CB0       30     8000       0
                text90                            12CE0    12CE0       2E     8000       0
                text89                            12B2A    12B2A       34     8000       0
                text88                            12AF6    12AF6       34     8000       0
                text87                            12D62    12D62       26     8000       0
                text86                            12A88    12A88       38     8000       0
                text85                            127C2    127C2       52     8000       0
                text84                            115AA    115AA      1A4     8000       0
                text83                            1174E    1174E      188     8000       0
                text82                            118D6    118D6      164     8000       0
                text81                            1292C    1292C       40     8000       0
                text80                            1258C    1258C       64     8000       0
                text79                            12F10    12F10       14     8000       0
                text78                            1235C    1235C       7C     8000       0
                text77                            12A50    12A50       38     8000       0
                text76                            125F0    125F0       62     8000       0
                text75                            12FC6    12FC6        A     8000       0
                text74                            12034    12034       96     8000       0
                text73                            128E8    128E8       44     8000       0
                text72                            12AC0    12AC0       36     8000       0
                text71                            11D86    11D86       C2     8000       0
                text70                            10BB8    10BB8      2DE     8000       0
                text69                            11A3A    11A3A       F0     8000       0
                text68                            11B2A    11B2A       D0     8000       0
                text67                            113AA    113AA      200     8000       0
                text66                            1296C    1296C       3C     8000       0
                text65                            12A18    12A18       38     8000       0
                text64                            129E0    129E0       38     8000       0
                text63                            1270E    1270E       5E     8000       0
                text62                            10E96    10E96      2D4     8000       0
                text61                            10692    10692      526     8000       0
                text60                            12526    12526       66     8000       0
                text59                            12D3A    12D3A       28     8000       0
                text58                            1116A    1116A      240     8000       0
                text57                            1304C    1304C        6     8000       0
                text56                            1306E    1306E        4     8000       0
                text55                            13046    13046        6     8000       0
                text54                            12D0E    12D0E       2C     8000       0
                text53                            1306A    1306A        4     8000       0
                text52                            13066    13066        4     8000       0
                text51                            13062    13062        4     8000       0
                text50                            12D88    12D88       24     8000       0
                text49                            121DE    121DE       84     8000       0
                text48                            12E66    12E66       1C     8000       0
                text47                            12C80    12C80       30     8000       0
                text46                            12C50    12C50       30     8000       0
                text45                            12C20    12C20       30     8000       0
                text44                            12BF0    12BF0       30     8000       0
                text43                            128A4    128A4       44     8000       0
                text42                            1305E    1305E        4     8000       0
                text41                            1305A    1305A        4     8000       0
                text40                            13056    13056        4     8000       0
                text39                            13040    13040        6     8000       0
                text38                            13052    13052        4     8000       0
                text37                            1303A    1303A        6     8000       0
                text36                            13024    13024        8     8000       0
                text35                            12EFC    12EFC       14     8000       0
                text34                            13034    13034        6     8000       0
                text33                            12262    12262       7E     8000       0
                text32                            12FBA    12FBA        C     8000       0
                text31                            12F5A    12F5A       10     8000       0
                text30                            12F4A    12F4A       10     8000       0
                text29                            11BFA    11BFA       C8     8000       0
                text28                            11E48    11E48       A8     8000       0
                text27                            12FAE    12FAE        C     8000       0
                text26                            1301C    1301C        8     8000       0
                text25                            13014    13014        8     8000       0
                text24                            1300C    1300C        8     8000       0
                text23                            13004    13004        8     8000       0
                text22                            12FFC    12FFC        8     8000       0
                text21                            12FF4    12FF4        8     8000       0
                text20                            12FEC    12FEC        8     8000       0
                text19                            12FA2    12FA2        C     8000       0
                text18                            124BA    124BA       6C     8000       0
                text17                            1244E    1244E       6C     8000       0
                text16                            12F38    12F38       12     8000       0
                text15                            12DF0    12DF0       1E     8000       0
                text14                            12860    12860       44     8000       0
                text13                            12FE4    12FE4        8     8000       0
                text12                            12DAC    12DAC       22     8000       0
                text11                            11EF0    11EF0       A2     8000       0
                text10                            12E4A    12E4A       1C     8000       0
                text9                             122E0    122E0       7C     8000       0
                text8                             11CC2    11CC2       C4     8000       0
                text7                             126B0    126B0       5E     8000       0
                text6                             12154    12154       8A     8000       0
                text5                             12BC0    12BC0       30     8000       0
                text4                             120CA    120CA       8A     8000       0
                text3                             123D8    123D8       76     8000       0
                text2                             12652    12652       5E     8000       0
                text1                             12B90    12B90       30     8000       0
                text0                             10000    10000      692     8000       0
                cstackCOMRAM                          1        1       5A        1       1
                cstackBANK0                          BA       BA       32       60       1
                dataBANK0                            FB       FB        3       60       1
                bssBANK0                             60       60       5A       60       1
                bssCOMRAM                            5B       5B        2        1       1
                cinit                             129A8    129A8       38     8000       0
                nvBANK0                              EC       EC        F       60       1
                idataBANK0                        13076    13076        3     8000       0

TOTAL           Name                               Link     Load   Length     Space
        CLASS   STACK          

        CLASS   CODE           
                intcode                               8        8       46         0
                init                                 4E       4E        4         0
                reset_vec                             0        0        4         0
                text114                           1307A    1307A        2         0
                text113                           1302C    1302C        8         0
                text112                           12B5E    12B5E       32         0
                text111                           12FDA    12FDA        A         0
                text109                           12E9E    12E9E       1A         0
                text108                           1276C    1276C       56         0
                text107                           12FD0    12FD0        A         0
                text106                           12DCE    12DCE       22         0
                text105                           12F94    12F94        E         0
                text104                           12F86    12F86        E         0
                text103                           12F78    12F78        E         0
                text102                           12814    12814       4C         0
                text101                           12F24    12F24       14         0
                text100                           13072    13072        4         0
                text99                            12EB8    12EB8       18         0
                text98                            11F92    11F92       A2         0
                text97                            12E82    12E82       1C         0
                text96                            12EE6    12EE6       16         0
                text95                            12ED0    12ED0       16         0
                text94                            12E2C    12E2C       1E         0
                text93                            12E0E    12E0E       1E         0
                text92                            12F6A    12F6A        E         0
                text91                            12CB0    12CB0       30         0
                text90                            12CE0    12CE0       2E         0
                text89                            12B2A    12B2A       34         0
                text88                            12AF6    12AF6       34         0
                text87                            12D62    12D62       26         0
                text86                            12A88    12A88       38         0
                text85                            127C2    127C2       52         0
                text84                            115AA    115AA      1A4         0
                text83                            1174E    1174E      188         0
                text82                            118D6    118D6      164         0
                text81                            1292C    1292C       40         0
                text80                            1258C    1258C       64         0
                text79                            12F10    12F10       14         0
                text78                            1235C    1235C       7C         0
                text77                            12A50    12A50       38         0
                text76                            125F0    125F0       62         0
                text75                            12FC6    12FC6        A         0
                text74                            12034    12034       96         0
                text73                            128E8    128E8       44         0
                text72                            12AC0    12AC0       36         0
                text71                            11D86    11D86       C2         0
                text70                            10BB8    10BB8      2DE         0
                text69                            11A3A    11A3A       F0         0
                text68                            11B2A    11B2A       D0         0
                text67                            113AA    113AA      200         0
                text66                            1296C    1296C       3C         0
                text65                            12A18    12A18       38         0
                text64                            129E0    129E0       38         0
                text63                            1270E    1270E       5E         0
                text62                            10E96    10E96      2D4         0
                text61                            10692    10692      526         0
                text60                            12526    12526       66         0
                text59                            12D3A    12D3A       28         0
                text58                            1116A    1116A      240         0
                text57                            1304C    1304C        6         0
                text56                            1306E    1306E        4         0
                text55                            13046    13046        6         0
                text54                            12D0E    12D0E       2C         0
                text53                            1306A    1306A        4         0
                text52                            13066    13066        4         0
                text51                            13062    13062        4         0
                text50                            12D88    12D88       24         0
                text49                            121DE    121DE       84         0
                text48                            12E66    12E66       1C         0
                text47                            12C80    12C80       30         0
                text46                            12C50    12C50       30         0
                text45                            12C20    12C20       30         0
                text44                            12BF0    12BF0       30         0
                text43                            128A4    128A4       44         0
                text42                            1305E    1305E        4         0
                text41                            1305A    1305A        4         0
                text40                            13056    13056        4         0
                text39                            13040    13040        6         0
                text38                            13052    13052        4         0
                text37                            1303A    1303A        6         0
                text36                            13024    13024        8         0
                text35                            12EFC    12EFC       14         0
                text34                            13034    13034        6         0
                text33                            12262    12262       7E         0
                text32                            12FBA    12FBA        C         0
                text31                            12F5A    12F5A       10         0
                text30                            12F4A    12F4A       10         0
                text29                            11BFA    11BFA       C8         0
                text28                            11E48    11E48       A8         0
                text27                            12FAE    12FAE        C         0
                text26                            1301C    1301C        8         0
                text25                            13014    13014        8         0
                text24                            1300C    1300C        8         0
                text23                            13004    13004        8         0
                text22                            12FFC    12FFC        8         0
                text21                            12FF4    12FF4        8         0
                text20                            12FEC    12FEC        8         0
                text19                            12FA2    12FA2        C         0
                text18                            124BA    124BA       6C         0
                text17                            1244E    1244E       6C         0
                text16                            12F38    12F38       12         0
                text15                            12DF0    12DF0       1E         0
                text14                            12860    12860       44         0
                text13                            12FE4    12FE4        8         0
                text12                            12DAC    12DAC       22         0
                text11                            11EF0    11EF0       A2         0
                text10                            12E4A    12E4A       1C         0
                text9                             122E0    122E0       7C         0
                text8                             11CC2    11CC2       C4         0
                text7                             126B0    126B0       5E         0
                text6                             12154    12154       8A         0
                text5                             12BC0    12BC0       30         0
                text4                             120CA    120CA       8A         0
                text3                             123D8    123D8       76         0
                text2                             12652    12652       5E         0
                text1                             12B90    12B90       30         0
                text0                             10000    10000      692         0
                cinit                             129A8    129A8       38         0
                idataBANK0                        13076    13076        3         0

        CLASS   CONST          

        CLASS   SMALLCONST     

        CLASS   MEDIUMCONST    
                mediumconst                        FEBC     FEBC      144         0

        CLASS   COMRAM         
                temp                                 5D       5D        1         1
                cstackCOMRAM                          1        1       5A         1
                bssCOMRAM                            5B       5B        2         1

        CLASS   ABS1           

        CLASS   BIGRAM         

        CLASS   RAM            

        CLASS   BANK0          
                cstackBANK0                          BA       BA       32         1
                dataBANK0                            FB       FB        3         1
                bssBANK0                             60       60       5A         1
                nvBANK0                              EC       EC        F         1

        CLASS   BANK1          

        CLASS   BANK2          

        CLASS   BANK3          

        CLASS   BANK4          

        CLASS   BANK5          

        CLASS   BANK6          

        CLASS   BANK7          

        CLASS   BANK8          

        CLASS   BANK9          

        CLASS   BANK10         

        CLASS   BANK11         

        CLASS   BANK12         

        CLASS   BANK13         

        CLASS   BANK14         

        CLASS   SFR            

        CLASS   CONFIG         
                config                           300000   300000        C         4

        CLASS   IDLOC          
                idloc                            200000   200000       10         5

        CLASS   EEDATA         

        CLASS   FARRAM         



SEGMENTS        Name                           Load    Length   Top    Selector   Space  Class

                reset_vec                      000000  000004  000004         0       0  CODE    
                cstackCOMRAM                   000001  00005D  00005E         1       1  COMRAM  
                intcode                        000008  00004A  000052         4       0  CODE    
                bssBANK0                       000060  00009E  0000FE        60       1  BANK0   
                mediumconst                    00FEBC  000144  010000      7F5E       0  MEDIUMCO
                text0                          010000  003079  013079      8000       0  CODE    
                text114                        01307A  000002  01307C      983D       0  CODE    


UNUSED ADDRESS RANGES

        Name                Unused          Largest block    Delta
        BANK0            0000FE-0000FF                2
        BANK1            000100-0001FF              100
        BANK10           000A00-000AFF              100
        BANK11           000B00-000BFF              100
        BANK12           000C00-000CFF              100
        BANK13           000D00-000DFF              100
        BANK14           000E00-000E87               88
        BANK2            000200-0002FF              100
        BANK3            000300-0003FF              100
        BANK4            000400-0004FF              100
        BANK5            000500-0005FF              100
        BANK6            000600-0006FF              100
        BANK7            000700-0007FF              100
        BANK8            000800-0008FF              100
        BANK9            000900-0009FF              100
        BIGRAM           00005E-00005F                2
                         0000FE-000E87              D8A
        CODE             000004-000007                4
                         000052-00FEBB             FE6A
                         013079-013079                1
                         01307C-01FFFF             CF84
        COMRAM           00005E-00005F                2
        CONST            000004-000007                4
                         000052-00FEBB             FE6A
                         013079-013079                1
                         01307C-01FFFF             CF84
        EEDATA           310000-3103FF              400
        MEDIUMCONST      000F00-00FEBB             EFBC
                         013079-013079                1
                         01307C-01FFFF             CF84
        RAM              0000FE-000E87              100
        SFR              000E8D-000FFF               73
        SMALLCONST       000F00-00FEBB              100
                         013079-013079                1
                         01307C-01FFFF              100
        STACK            0000FE-000E87              D8A

                                  Symbol Table

?___aodiv                                       cstackCOMRAM 000003
?___aomod                                       cstackCOMRAM 000003
?___awdiv                                       cstackCOMRAM 000003
?___lodiv                                       cstackCOMRAM 000003
?___lomod                                       cstackCOMRAM 000003
?___wmul                                        cstackCOMRAM 000003
?_abs                                           cstackCOMRAM 000015
?_atoi                                          cstackCOMRAM 00000A
?_dtoa                                          cstackCOMRAM 000026
?_isalpha                                       cstackCOMRAM 000003
?_isdigit                                       cstackCOMRAM 000003
?_islower                                       cstackCOMRAM 000003
?_isspace                                       cstackCOMRAM 000003
?_isupper                                       cstackCOMRAM 000003
?_pad                                           cstackCOMRAM 00001B
?_printf                                        cstackBANK0  0000D5
?_strlen                                        cstackCOMRAM 000003
?_toupper                                       cstackCOMRAM 000009
?_utoa                                          cstackCOMRAM 000026
?_vfpfcnvrt                                     cstackCOMRAM 00004D
?_vfprintf                                      cstackBANK0  0000CF
?_xtoa                                          cstackCOMRAM 000026
DelayUS@timeUS                                  cstackCOMRAM 000003
EUSART1_SetErrorHandler@interruptHandler        cstackCOMRAM 000003
EUSART1_SetFramingErrorHandler@interruptHandler cstackCOMRAM 000003
EUSART1_SetOverrunErrorHandler@interruptHandler cstackCOMRAM 000003
I2C1_CallbackReturnReset@funPtr                 cstackCOMRAM 00000E
I2C1_Close@returnValue                          cstackCOMRAM 000003
I2C1_MasterOperation@read                       cstackCOMRAM 000012
I2C1_MasterOperation@returnValue                cstackCOMRAM 000013
I2C1_MasterSendTxData@data                      cstackCOMRAM 000003
I2C1_Open@address                               cstackCOMRAM 000003
I2C1_Open@returnValue                           cstackCOMRAM 000004
I2C1_Read1ByteRegister@address                  cstackCOMRAM 000015
I2C1_Read1ByteRegister@reg                      cstackCOMRAM 000014
I2C1_Read1ByteRegister@returnValue              cstackCOMRAM 000016
I2C1_SetAddressNackCallback@cb                  cstackCOMRAM 000009
I2C1_SetAddressNackCallback@ptr                 cstackCOMRAM 00000C
I2C1_SetBuffer@buffer                           cstackCOMRAM 000003
I2C1_SetBuffer@bufferSize                       cstackCOMRAM 000005
I2C1_SetCallback@cb                             cstackCOMRAM 000003
I2C1_SetCallback@idx                            cstackCOMRAM 000008
I2C1_SetCallback@ptr                            cstackCOMRAM 000006
I2C1_SetDataCompleteCallback@cb                 cstackCOMRAM 000009
I2C1_SetDataCompleteCallback@ptr                cstackCOMRAM 00000C
I2C1_Write1ByteRegister@address                 cstackCOMRAM 000016
I2C1_Write1ByteRegister@data                    cstackCOMRAM 000015
I2C1_Write1ByteRegister@reg                     cstackCOMRAM 000014
I2C1_WriteNBytes@address                        cstackCOMRAM 000018
I2C1_WriteNBytes@data                           cstackCOMRAM 000014
I2C1_WriteNBytes@len                            cstackCOMRAM 000016
LCD_GetSpecChar@ch                              cstackCOMRAM 000005
LCD_GotoXY@dispAddress                          cstackCOMRAM 000006
LCD_GotoXY@posX                                 cstackCOMRAM 000005
LCD_GotoXY@posY                                 cstackCOMRAM 000004
LCD_Putc@ch                                     cstackCOMRAM 000009
LCD_SendByte@value                              cstackCOMRAM 000003
LOOPDELAY_Init@loopDelayTimeMS                  cstackCOMRAM 000003
PWM3_LoadDutyValue@dutyValue                    cstackCOMRAM 000003
PWM4_LoadDutyValue@dutyValue                    cstackCOMRAM 000003
TMR6_SetInterruptHandler@InterruptHandler       cstackCOMRAM 000003
_ANSELA                                         (abs)        000F11
_ANSELB                                         (abs)        000F19
_ANSELC                                         (abs)        000F21
_ANSELD                                         (abs)        000F26
_ANSELE                                         (abs)        000F2E
_BAUD1CON                                       (abs)        000F9F
_CCPTMRSbits                                    (abs)        000FAE
_DelayUS                                        text80       01258C
_EUSART1_DefaultErrorHandler                    (abs)        000000
_EUSART1_DefaultFramingErrorHandler             (abs)        000000
_EUSART1_DefaultOverrunErrorHandler             (abs)        000000
_EUSART1_ErrorHandler                           nvBANK0      0000EF
_EUSART1_FramingErrorHandler                    nvBANK0      0000F5
_EUSART1_Initialize                             text102      012814
_EUSART1_OverrunErrorHandler                    nvBANK0      0000F2
_EUSART1_SetErrorHandler                        text105      012F94
_EUSART1_SetFramingErrorHandler                 text104      012F86
_EUSART1_SetOverrunErrorHandler                 text103      012F78
_I2C1_CallbackReturnReset                       text41       01305A
_I2C1_CallbackReturnStop                        text42       01305E
_I2C1_Close                                     text54       012D0E
_I2C1_DO_ADDRESS_NACK                           text18       0124BA
_I2C1_DO_IDLE                                   text32       012FBA
_I2C1_DO_RCEN                                   text27       012FAE
_I2C1_DO_RESET                                  text19       012FA2
_I2C1_DO_RX                                     text28       011E48
_I2C1_DO_RX_ACK                                 text22       012FFC
_I2C1_DO_RX_NACK_RESTART                        text20       012FEC
_I2C1_DO_RX_NACK_STOP                           text21       012FF4
_I2C1_DO_SEND_ADR_READ                          text31       012F5A
_I2C1_DO_SEND_ADR_WRITE                         text30       012F4A
_I2C1_DO_SEND_RESTART                           text24       01300C
_I2C1_DO_SEND_RESTART_READ                      text26       01301C
_I2C1_DO_SEND_RESTART_WRITE                     text25       013014
_I2C1_DO_SEND_STOP                              text23       013004
_I2C1_DO_TX                                     text29       011BFA
_I2C1_DO_TX_EMPTY                               text33       012262
_I2C1_Initialize                                text101      012F24
_I2C1_MasterClearIrq                            text57       01304C
_I2C1_MasterClose                               text56       01306E
_I2C1_MasterDisableIrq                          text55       013046
_I2C1_MasterEnableRestart                       text52       013066
_I2C1_MasterFsm                                 text17       01244E
_I2C1_MasterGetRxData                           text38       013052
_I2C1_MasterIsNack                              text35       012EFC
_I2C1_MasterOpen                                text12       012DAC
_I2C1_MasterOperation                           text14       012860
_I2C1_MasterSendAck                             text37       01303A
_I2C1_MasterSendNack                            text39       013040
_I2C1_MasterSendTxData                          text36       013024
_I2C1_MasterSetIrq                              text34       013034
_I2C1_MasterStart                               text53       01306A
_I2C1_MasterStartRx                             text40       013056
_I2C1_MasterStop                                text51       013062
_I2C1_MasterWaitForEvent                        text16       012F38
_I2C1_MasterWrite                               text13       012FE4
_I2C1_Open                                      text11       011EF0
_I2C1_Poller                                    text15       012DF0
_I2C1_Read1ByteRegister                         text9        0122E0
_I2C1_SetAddressNackCallback                    text10       012E4A
_I2C1_SetBuffer                                 text50       012D88
_I2C1_SetCallback                               text49       0121DE
_I2C1_SetDataCompleteCallback                   text48       012E66
_I2C1_Status                                    bssBANK0     000060
_I2C1_Write1ByteRegister                        text3        0123D8
_I2C1_WriteNBytes                               text7        0126B0
_INLVLA                                         (abs)        000F0D
_INLVLB                                         (abs)        000F15
_INLVLC                                         (abs)        000F1D
_INLVLD                                         (abs)        000F22
_INLVLE                                         (abs)        000F2A
_INTCONbits                                     (abs)        000FF2
_INTERRUPT_Initialize                           text100      013072
_INTERRUPT_InterruptManager                     intcode      000008
_LATA                                           (abs)        000F83
_LATAbits                                       (abs)        000F83
_LATB                                           (abs)        000F84
_LATC                                           (abs)        000F85
_LATCbits                                       (abs)        000F85
_LATD                                           (abs)        000F86
_LATE                                           (abs)        000F87
_LATEbits                                       (abs)        000F87
_LCD_Clear                                      text79       012F10
_LCD_GetSpecChar                                text78       01235C
_LCD_GotoXY                                     text77       012A50
_LCD_Init                                       text108      01276C
_LCD_Putc                                       text76       0125F0
_LCD_SendByte                                   text109      012E9E
_LOOPDELAY_Init                                 text107      012FD0
_LOOPDELAY_TimerISR                             text113      01302C
_LOOPDELAY_Wait                                 text106      012DCE
_ODCONA                                         (abs)        000F0F
_ODCONB                                         (abs)        000F17
_ODCONC                                         (abs)        000F1F
_ODCOND                                         (abs)        000F24
_ODCONE                                         (abs)        000F2C
_OSCCON1                                        (abs)        000ED8
_OSCCON3                                        (abs)        000EDA
_OSCEN                                          (abs)        000EDC
_OSCFRQ                                         (abs)        000EDE
_OSCILLATOR_Initialize                          text99       012EB8
_OSCTUNE                                        (abs)        000EDD
_PIE3bits                                       (abs)        000EC5
_PIE4bits                                       (abs)        000EC6
_PIN_MANAGER_Initialize                         text98       011F92
_PIR3bits                                       (abs)        000ECD
_PIR4bits                                       (abs)        000ECE
_PMD0                                           (abs)        000EE1
_PMD1                                           (abs)        000EE2
_PMD2                                           (abs)        000EE3
_PMD3                                           (abs)        000EE4
_PMD4                                           (abs)        000EE5
_PMD5                                           (abs)        000EE6
_PMD_Initialize                                 text97       012E82
_PORTBbits                                      (abs)        000F8E
_PORTCbits                                      (abs)        000F8F
_PR2                                            (abs)        000FBC
_PR4                                            (abs)        000FB6
_PR6                                            (abs)        000FB0
_PWM3CON                                        (abs)        000FA5
_PWM3DCH                                        (abs)        000FA4
_PWM3DCL                                        (abs)        000FA3
_PWM3_Initialize                                text96       012EE6
_PWM3_LoadDutyValue                             text89       012B2A
_PWM4CON                                        (abs)        000FA2
_PWM4DCH                                        (abs)        000FA1
_PWM4DCL                                        (abs)        000FA0
_PWM4_Initialize                                text95       012ED0
_PWM4_LoadDutyValue                             text88       012AF6
_RA0PPS                                         (abs)        000EE7
_RA4PPS                                         (abs)        000EEB
_RB0PPS                                         (abs)        000EEF
_RC0PPS                                         (abs)        000EF7
_RC1PPS                                         (abs)        000EF8
_RC1REG                                         (abs)        000F99
_RC1STA                                         (abs)        000F9D
_RC1STAbits                                     (abs)        000F9D
_RX1PPS                                         (abs)        000EB5
_SLRCONA                                        (abs)        000F0E
_SLRCONB                                        (abs)        000F16
_SLRCONC                                        (abs)        000F1E
_SLRCOND                                        (abs)        000F23
_SLRCONE                                        (abs)        000F2B
_SP1BRGH                                        (abs)        000F9C
_SP1BRGL                                        (abs)        000F9B
_SSP1ADD                                        (abs)        000F93
_SSP1BUF                                        (abs)        000F92
_SSP1CLKPPS                                     (abs)        000EB7
_SSP1CON1                                       (abs)        000F96
_SSP1CON1bits                                   (abs)        000F96
_SSP1CON2                                       (abs)        000F97
_SSP1CON2bits                                   (abs)        000F97
_SSP1DATPPS                                     (abs)        000EB8
_SSP1STAT                                       (abs)        000F95
_SSP1STATbits                                   (abs)        000F95
_SYSTEM_Initialize                              text90       012CE0
_T2CLKCON                                       (abs)        000FBF
_T2CON                                          (abs)        000FBD
_T2CONbits                                      (abs)        000FBD
_T2HLT                                          (abs)        000FBE
_T2HLTbits                                      (abs)        000FBE
_T2PR                                           (abs)        000FBC
_T2RST                                          (abs)        000FC0
_T2RSTbits                                      (abs)        000FC0
_T2TMR                                          (abs)        000FBB
_T4CLKCON                                       (abs)        000FB9
_T4CON                                          (abs)        000FB7
_T4CONbits                                      (abs)        000FB7
_T4HLT                                          (abs)        000FB8
_T4HLTbits                                      (abs)        000FB8
_T4PR                                           (abs)        000FB6
_T4RST                                          (abs)        000FBA
_T4RSTbits                                      (abs)        000FBA
_T4TMR                                          (abs)        000FB5
_T6CLKCON                                       (abs)        000FB3
_T6CON                                          (abs)        000FB1
_T6CONbits                                      (abs)        000FB1
_T6HLT                                          (abs)        000FB2
_T6HLTbits                                      (abs)        000FB2
_T6PR                                           (abs)        000FB0
_T6RST                                          (abs)        000FB4
_T6RSTbits                                      (abs)        000FB4
_T6TMR                                          (abs)        000FAF
_TASTER0Flag                                    bssBANK0     000096
_TASTER1Flag                                    bssBANK0     000095
_TASTER2Flag                                    bssBANK0     000094
_TMR2                                           (abs)        000FBB
_TMR2_Initialize                                text94       012E2C
_TMR4                                           (abs)        000FB5
_TMR4_Initialize                                text93       012E0E
_TMR6                                           (abs)        000FAF
_TMR6_CallBack                                  text112      012B5E
_TMR6_DefaultInterruptHandler                   text114      01307A
_TMR6_ISR                                       text111      012FDA
_TMR6_Initialize                                text91       012CB0
_TMR6_InterruptHandler                          nvBANK0      0000EC
_TMR6_SetInterruptHandler                       text92       012F6A
_TRISA                                          (abs)        000F88
_TRISB                                          (abs)        000F89
_TRISC                                          (abs)        000F8A
_TRISD                                          (abs)        000F8B
_TRISE                                          (abs)        000F8C
_TX1REG                                         (abs)        000F9A
_TX1STA                                         (abs)        000F9E
_TX1STAbits                                     (abs)        000F9E
_WPUA                                           (abs)        000F10
_WPUB                                           (abs)        000F18
_WPUC                                           (abs)        000F20
_WPUD                                           (abs)        000F25
_WPUE                                           (abs)        000F2D
__HRAM                                          (abs)        000000
__Habs1                                         abs1         000000
__Hbank0                                        bank0        000000
__Hbank1                                        bank1        000000
__Hbank10                                       bank10       000000
__Hbank11                                       bank11       000000
__Hbank12                                       bank12       000000
__Hbank13                                       bank13       000000
__Hbank14                                       bank14       000000
__Hbank2                                        bank2        000000
__Hbank3                                        bank3        000000
__Hbank4                                        bank4        000000
__Hbank5                                        bank5        000000
__Hbank6                                        bank6        000000
__Hbank7                                        bank7        000000
__Hbank8                                        bank8        000000
__Hbank9                                        bank9        000000
__Hbigbss                                       bigbss       000000
__Hbigdata                                      bigdata      000000
__Hbigram                                       bigram       000000
__Hbss                                          bss          000000
__HbssBANK0                                     bssBANK0     000000
__HbssCOMRAM                                    bssCOMRAM    000000
__Hcinit                                        cinit        000000
__Hclrtext                                      clrtext      000000
__Hcomram                                       comram       000000
__Hconfig                                       config       30000C
__Hconst                                        const        000000
__HcstackBANK0                                  cstackBANK0  000000
__HcstackCOMRAM                                 cstackCOMRAM 000000
__Hdata                                         data         000000
__HdataBANK0                                    dataBANK0    000000
__Heeprom_data                                  eeprom_data  000000
__Hfarbss                                       farbss       000000
__Hfardata                                      fardata      000000
__Hibigdata                                     ibigdata     000000
__Hidata                                        idata        000000
__HidataBANK0                                   idataBANK0   000000
__Hidloc                                        idloc        200010
__Hifardata                                     ifardata     000000
__Hinit                                         init         000052
__Hintcode                                      intcode      00004E
__Hintcode_body                                 intcode_body 000000
__Hintcodelo                                    intcodelo    00004E
__Hintentry                                     intentry     000000
__Hintret                                       intret       000000
__Hintsave_regs                                 intsave_regs 000000
__Hirdata                                       irdata       000000
__Hmediumconst                                  mediumconst  010000
__HnvBANK0                                      nvBANK0      000000
__HnvFARRAM                                     nvFARRAM     000000
__Hnvbit                                        nvbit        000000
__Hnvrram                                       nvrram       000000
__Hparam                                        rparam       000000
__Hpowerup                                      powerup      00004E
__Hram                                          ram          000000
__Hramtop                                       ramtop       000F00
__Hrbit                                         rbit         000000
__Hrbss                                         rbss         000000
__Hrdata                                        rdata        000000
__Hreset_vec                                    reset_vec    000004
__Hrparam                                       rparam       000000
__Hsfr                                          sfr          000000
__Hsmallconst                                   smallconst   000000
__Hspace_0                                      (abs)        01307C
__Hspace_1                                      (abs)        0000FE
__Hspace_2                                      (abs)        000000
__Hspace_4                                      (abs)        60000C
__Hstack                                        stack        000000
__Hstruct                                       struct       000000
__Htemp                                         temp         00005E
__Htext                                         text         000000
__Htext0                                        text0        000000
__Htext1                                        text1        000000
__Htext10                                       text10       000000
__Htext100                                      text100      000000
__Htext101                                      text101      000000
__Htext102                                      text102      000000
__Htext103                                      text103      000000
__Htext104                                      text104      000000
__Htext105                                      text105      000000
__Htext106                                      text106      000000
__Htext107                                      text107      000000
__Htext108                                      text108      000000
__Htext109                                      text109      000000
__Htext11                                       text11       000000
__Htext111                                      text111      000000
__Htext112                                      text112      000000
__Htext113                                      text113      000000
__Htext114                                      text114      000000
__Htext115                                      text115      000000
__Htext12                                       text12       000000
__Htext13                                       text13       000000
__Htext14                                       text14       000000
__Htext15                                       text15       000000
__Htext16                                       text16       000000
__Htext17                                       text17       000000
__Htext18                                       text18       000000
__Htext19                                       text19       000000
__Htext2                                        text2        000000
__Htext20                                       text20       000000
__Htext21                                       text21       000000
__Htext22                                       text22       000000
__Htext23                                       text23       000000
__Htext24                                       text24       000000
__Htext25                                       text25       000000
__Htext26                                       text26       000000
__Htext27                                       text27       000000
__Htext28                                       text28       000000
__Htext29                                       text29       000000
__Htext3                                        text3        000000
__Htext30                                       text30       000000
__Htext31                                       text31       000000
__Htext32                                       text32       000000
__Htext33                                       text33       000000
__Htext34                                       text34       000000
__Htext35                                       text35       000000
__Htext36                                       text36       000000
__Htext37                                       text37       000000
__Htext38                                       text38       000000
__Htext39                                       text39       000000
__Htext4                                        text4        000000
__Htext40                                       text40       000000
__Htext41                                       text41       000000
__Htext42                                       text42       000000
__Htext43                                       text43       000000
__Htext44                                       text44       000000
__Htext45                                       text45       000000
__Htext46                                       text46       000000
__Htext47                                       text47       000000
__Htext48                                       text48       000000
__Htext49                                       text49       000000
__Htext5                                        text5        000000
__Htext50                                       text50       000000
__Htext51                                       text51       000000
__Htext52                                       text52       000000
__Htext53                                       text53       000000
__Htext54                                       text54       000000
__Htext55                                       text55       000000
__Htext56                                       text56       000000
__Htext57                                       text57       000000
__Htext58                                       text58       000000
__Htext59                                       text59       000000
__Htext6                                        text6        000000
__Htext60                                       text60       000000
__Htext61                                       text61       000000
__Htext62                                       text62       000000
__Htext63                                       text63       000000
__Htext64                                       text64       000000
__Htext65                                       text65       000000
__Htext66                                       text66       000000
__Htext67                                       text67       000000
__Htext68                                       text68       000000
__Htext69                                       text69       000000
__Htext7                                        text7        000000
__Htext70                                       text70       000000
__Htext71                                       text71       000000
__Htext72                                       text72       000000
__Htext73                                       text73       000000
__Htext74                                       text74       000000
__Htext75                                       text75       000000
__Htext76                                       text76       000000
__Htext77                                       text77       000000
__Htext78                                       text78       000000
__Htext79                                       text79       000000
__Htext8                                        text8        000000
__Htext80                                       text80       000000
__Htext81                                       text81       000000
__Htext82                                       text82       000000
__Htext83                                       text83       000000
__Htext84                                       text84       000000
__Htext85                                       text85       000000
__Htext86                                       text86       000000
__Htext87                                       text87       000000
__Htext88                                       text88       000000
__Htext89                                       text89       000000
__Htext9                                        text9        000000
__Htext90                                       text90       000000
__Htext91                                       text91       000000
__Htext92                                       text92       000000
__Htext93                                       text93       000000
__Htext94                                       text94       000000
__Htext95                                       text95       000000
__Htext96                                       text96       000000
__Htext97                                       text97       000000
__Htext98                                       text98       000000
__Htext99                                       text99       000000
__LRAM                                          (abs)        000001
__Labs1                                         abs1         000000
__Lbank0                                        bank0        000000
__Lbank1                                        bank1        000000
__Lbank10                                       bank10       000000
__Lbank11                                       bank11       000000
__Lbank12                                       bank12       000000
__Lbank13                                       bank13       000000
__Lbank14                                       bank14       000000
__Lbank2                                        bank2        000000
__Lbank3                                        bank3        000000
__Lbank4                                        bank4        000000
__Lbank5                                        bank5        000000
__Lbank6                                        bank6        000000
__Lbank7                                        bank7        000000
__Lbank8                                        bank8        000000
__Lbank9                                        bank9        000000
__Lbigbss                                       bigbss       000000
__Lbigdata                                      bigdata      000000
__Lbigram                                       bigram       000000
__Lbss                                          bss          000000
__LbssBANK0                                     bssBANK0     000000
__LbssCOMRAM                                    bssCOMRAM    000000
__Lcinit                                        cinit        000000
__Lclrtext                                      clrtext      000000
__Lcomram                                       comram       000000
__Lconfig                                       config       000000
__Lconst                                        const        000000
__LcstackBANK0                                  cstackBANK0  000000
__LcstackCOMRAM                                 cstackCOMRAM 000000
__Ldata                                         data         000000
__LdataBANK0                                    dataBANK0    000000
__Leeprom_data                                  eeprom_data  000000
__Lfarbss                                       farbss       000000
__Lfardata                                      fardata      000000
__Libigdata                                     ibigdata     000000
__Lidata                                        idata        000000
__LidataBANK0                                   idataBANK0   000000
__Lidloc                                        idloc        000000
__Lifardata                                     ifardata     000000
__Linit                                         init         00004E
__Lintcode                                      intcode      000008
__Lintcode_body                                 intcode_body 000000
__Lintcodelo                                    intcodelo    00004E
__Lintentry                                     intentry     000000
__Lintret                                       intret       000000
__Lintsave_regs                                 intsave_regs 000000
__Lirdata                                       irdata       000000
__Lmediumconst                                  mediumconst  00FEBC
__LnvBANK0                                      nvBANK0      000000
__LnvFARRAM                                     nvFARRAM     000000
__Lnvbit                                        nvbit        000000
__Lnvrram                                       nvrram       000000
__Lparam                                        rparam       000000
__Lpowerup                                      powerup      00004E
__Lram                                          ram          000000
__Lramtop                                       ramtop       000F00
__Lrbit                                         rbit         000000
__Lrbss                                         rbss         000000
__Lrdata                                        rdata        000000
__Lreset_vec                                    reset_vec    000000
__Lrparam                                       rparam       000000
__Lsfr                                          sfr          000000
__Lsmallconst                                   smallconst   000000
__Lspace_0                                      (abs)        000000
__Lspace_1                                      (abs)        000000
__Lspace_2                                      (abs)        000000
__Lspace_4                                      (abs)        000000
__Lstack                                        stack        000000
__Lstruct                                       struct       000000
__Ltemp                                         temp         00005D
__Ltext                                         text         000000
__Ltext0                                        text0        000000
__Ltext1                                        text1        000000
__Ltext10                                       text10       000000
__Ltext100                                      text100      000000
__Ltext101                                      text101      000000
__Ltext102                                      text102      000000
__Ltext103                                      text103      000000
__Ltext104                                      text104      000000
__Ltext105                                      text105      000000
__Ltext106                                      text106      000000
__Ltext107                                      text107      000000
__Ltext108                                      text108      000000
__Ltext109                                      text109      000000
__Ltext11                                       text11       000000
__Ltext111                                      text111      000000
__Ltext112                                      text112      000000
__Ltext113                                      text113      000000
__Ltext114                                      text114      000000
__Ltext115                                      text115      000000
__Ltext12                                       text12       000000
__Ltext13                                       text13       000000
__Ltext14                                       text14       000000
__Ltext15                                       text15       000000
__Ltext16                                       text16       000000
__Ltext17                                       text17       000000
__Ltext18                                       text18       000000
__Ltext19                                       text19       000000
__Ltext2                                        text2        000000
__Ltext20                                       text20       000000
__Ltext21                                       text21       000000
__Ltext22                                       text22       000000
__Ltext23                                       text23       000000
__Ltext24                                       text24       000000
__Ltext25                                       text25       000000
__Ltext26                                       text26       000000
__Ltext27                                       text27       000000
__Ltext28                                       text28       000000
__Ltext29                                       text29       000000
__Ltext3                                        text3        000000
__Ltext30                                       text30       000000
__Ltext31                                       text31       000000
__Ltext32                                       text32       000000
__Ltext33                                       text33       000000
__Ltext34                                       text34       000000
__Ltext35                                       text35       000000
__Ltext36                                       text36       000000
__Ltext37                                       text37       000000
__Ltext38                                       text38       000000
__Ltext39                                       text39       000000
__Ltext4                                        text4        000000
__Ltext40                                       text40       000000
__Ltext41                                       text41       000000
__Ltext42                                       text42       000000
__Ltext43                                       text43       000000
__Ltext44                                       text44       000000
__Ltext45                                       text45       000000
__Ltext46                                       text46       000000
__Ltext47                                       text47       000000
__Ltext48                                       text48       000000
__Ltext49                                       text49       000000
__Ltext5                                        text5        000000
__Ltext50                                       text50       000000
__Ltext51                                       text51       000000
__Ltext52                                       text52       000000
__Ltext53                                       text53       000000
__Ltext54                                       text54       000000
__Ltext55                                       text55       000000
__Ltext56                                       text56       000000
__Ltext57                                       text57       000000
__Ltext58                                       text58       000000
__Ltext59                                       text59       000000
__Ltext6                                        text6        000000
__Ltext60                                       text60       000000
__Ltext61                                       text61       000000
__Ltext62                                       text62       000000
__Ltext63                                       text63       000000
__Ltext64                                       text64       000000
__Ltext65                                       text65       000000
__Ltext66                                       text66       000000
__Ltext67                                       text67       000000
__Ltext68                                       text68       000000
__Ltext69                                       text69       000000
__Ltext7                                        text7        000000
__Ltext70                                       text70       000000
__Ltext71                                       text71       000000
__Ltext72                                       text72       000000
__Ltext73                                       text73       000000
__Ltext74                                       text74       000000
__Ltext75                                       text75       000000
__Ltext76                                       text76       000000
__Ltext77                                       text77       000000
__Ltext78                                       text78       000000
__Ltext79                                       text79       000000
__Ltext8                                        text8        000000
__Ltext80                                       text80       000000
__Ltext81                                       text81       000000
__Ltext82                                       text82       000000
__Ltext83                                       text83       000000
__Ltext84                                       text84       000000
__Ltext85                                       text85       000000
__Ltext86                                       text86       000000
__Ltext87                                       text87       000000
__Ltext88                                       text88       000000
__Ltext89                                       text89       000000
__Ltext9                                        text9        000000
__Ltext90                                       text90       000000
__Ltext91                                       text91       000000
__Ltext92                                       text92       000000
__Ltext93                                       text93       000000
__Ltext94                                       text94       000000
__Ltext95                                       text95       000000
__Ltext96                                       text96       000000
__Ltext97                                       text97       000000
__Ltext98                                       text98       000000
__Ltext99                                       text99       000000
__S0                                            (abs)        01307C
__S1                                            (abs)        0000FE
__S2                                            (abs)        000000
__S4                                            (abs)        000000
__S5                                            (abs)        000000
___aodiv                                        text83       01174E
___aodiv@counter                                cstackCOMRAM 000013
___aodiv@dividend                               cstackCOMRAM 000003
___aodiv@divisor                                cstackCOMRAM 00000B
___aodiv@quotient                               cstackCOMRAM 000015
___aodiv@sign                                   cstackCOMRAM 000014
___aomod                                        text82       0118D6
___aomod@counter                                cstackCOMRAM 000013
___aomod@dividend                               cstackCOMRAM 000003
___aomod@divisor                                cstackCOMRAM 00000B
___aomod@sign                                   cstackCOMRAM 000014
___awdiv                                        text8        011CC2
___awdiv@counter                                cstackCOMRAM 000007
___awdiv@dividend                               cstackCOMRAM 000003
___awdiv@divisor                                cstackCOMRAM 000005
___awdiv@quotient                               cstackCOMRAM 000009
___awdiv@sign                                   cstackCOMRAM 000008
___inthi_sp                                     stack        000000
___intlo_sp                                     stack        000000
___lodiv                                        text69       011A3A
___lodiv@counter                                cstackCOMRAM 00001B
___lodiv@dividend                               cstackCOMRAM 000003
___lodiv@divisor                                cstackCOMRAM 00000B
___lodiv@quotient                               cstackCOMRAM 000013
___lomod                                        text68       011B2A
___lomod@counter                                cstackCOMRAM 000013
___lomod@dividend                               cstackCOMRAM 000003
___lomod@divisor                                cstackCOMRAM 00000B
___param_bank                                   (abs)        000000
___rparam_used                                  (abs)        000001
___sp                                           stack        000000
___wmul                                         text87       012D62
___wmul@multiplicand                            cstackCOMRAM 000005
___wmul@multiplier                              cstackCOMRAM 000003
___wmul@product                                 cstackCOMRAM 000007
__accesstop                                     (abs)        000060
__activetblptr                                  (abs)        000003
__end_of_DelayUS                                text80       0125F0
__end_of_EUSART1_Initialize                     text102      012860
__end_of_EUSART1_SetErrorHandler                text105      012FA2
__end_of_EUSART1_SetFramingErrorHandler         text104      012F94
__end_of_EUSART1_SetOverrunErrorHandler         text103      012F86
__end_of_I2C1_CallbackReturnReset               text41       01305E
__end_of_I2C1_CallbackReturnStop                text42       013062
__end_of_I2C1_Close                             text54       012D3A
__end_of_I2C1_DO_ADDRESS_NACK                   text18       012526
__end_of_I2C1_DO_IDLE                           text32       012FC6
__end_of_I2C1_DO_RCEN                           text27       012FBA
__end_of_I2C1_DO_RESET                          text19       012FAE
__end_of_I2C1_DO_RX                             text28       011EF0
__end_of_I2C1_DO_RX_ACK                         text22       013004
__end_of_I2C1_DO_RX_NACK_RESTART                text20       012FF4
__end_of_I2C1_DO_RX_NACK_STOP                   text21       012FFC
__end_of_I2C1_DO_SEND_ADR_READ                  text31       012F6A
__end_of_I2C1_DO_SEND_ADR_WRITE                 text30       012F5A
__end_of_I2C1_DO_SEND_RESTART                   text24       013014
__end_of_I2C1_DO_SEND_RESTART_READ              text26       013024
__end_of_I2C1_DO_SEND_RESTART_WRITE             text25       01301C
__end_of_I2C1_DO_SEND_STOP                      text23       01300C
__end_of_I2C1_DO_TX                             text29       011CC2
__end_of_I2C1_DO_TX_EMPTY                       text33       0122E0
__end_of_I2C1_Initialize                        text101      012F38
__end_of_I2C1_MasterClearIrq                    text57       013052
__end_of_I2C1_MasterClose                       text56       013072
__end_of_I2C1_MasterDisableIrq                  text55       01304C
__end_of_I2C1_MasterEnableRestart               text52       01306A
__end_of_I2C1_MasterFsm                         text17       0124BA
__end_of_I2C1_MasterGetRxData                   text38       013056
__end_of_I2C1_MasterIsNack                      text35       012F10
__end_of_I2C1_MasterOpen                        text12       012DCE
__end_of_I2C1_MasterOperation                   text14       0128A4
__end_of_I2C1_MasterSendAck                     text37       013040
__end_of_I2C1_MasterSendNack                    text39       013046
__end_of_I2C1_MasterSendTxData                  text36       01302C
__end_of_I2C1_MasterSetIrq                      text34       01303A
__end_of_I2C1_MasterStart                       text53       01306E
__end_of_I2C1_MasterStartRx                     text40       01305A
__end_of_I2C1_MasterStop                        text51       013066
__end_of_I2C1_MasterWaitForEvent                text16       012F4A
__end_of_I2C1_MasterWrite                       text13       012FEC
__end_of_I2C1_Open                              text11       011F92
__end_of_I2C1_Poller                            text15       012E0E
__end_of_I2C1_Read1ByteRegister                 text9        01235C
__end_of_I2C1_SetAddressNackCallback            text10       012E66
__end_of_I2C1_SetBuffer                         text50       012DAC
__end_of_I2C1_SetCallback                       text49       012262
__end_of_I2C1_SetDataCompleteCallback           text48       012E82
__end_of_I2C1_Write1ByteRegister                text3        01244E
__end_of_I2C1_WriteNBytes                       text7        01270E
__end_of_INTERRUPT_Initialize                   text100      013076
__end_of_INTERRUPT_InterruptManager             intcode      00004E
__end_of_LCD_Clear                              text79       012F24
__end_of_LCD_GetSpecChar                        text78       0123D8
__end_of_LCD_GotoXY                             text77       012A88
__end_of_LCD_Init                               text108      0127C2
__end_of_LCD_Putc                               text76       012652
__end_of_LCD_SendByte                           text109      012EB8
__end_of_LOOPDELAY_Init                         text107      012FDA
__end_of_LOOPDELAY_TimerISR                     text113      013034
__end_of_LOOPDELAY_Wait                         text106      012DF0
__end_of_OSCILLATOR_Initialize                  text99       012ED0
__end_of_PIN_MANAGER_Initialize                 text98       012034
__end_of_PMD_Initialize                         text97       012E9E
[...]
 Registers used:
		wreg, cstack
 Tracked objects:
		On entry : 
		On exit  : 
		Unchanged: 
 Data sizes:     COMRAM   BANK0   BANK1   BANK2   BANK3   BANK4   BANK5   BANK6   BANK7   BANK8   BANK9  BANK10  BANK11  BANK12  BANK13  BANK14
      Params:         0       0       0       0       0       0       0       0       0       0       0       0       0       0       0       0
      Locals:         0       0       0       0       0       0       0       0       0       0       0       0       0       0       0       0
      Temps:          2       0       0       0       0       0       0       0       0       0       0       0       0       0       0       0
      Totals:         2       0       0       0       0       0       0       0       0       0       0       0       0       0       0       0
Total ram usage:        2 bytes
 Hardware stack levels used:    1
 Hardware stack levels required when called:    5
 This function calls:
		_LCD_SendByte
 This function is called by:
		_main
 This function uses a non-reentrant model


 *************** function _LCD_SendByte *****************
 Defined at:
		line 55 in file "src/legotoeff_lcddriver.c"
 Parameters:    Size  Location     Type
  value           1    wreg     unsigned char 
 Auto vars:     Size  Location     Type
  value           1    2[COMRAM] unsigned char 
 Return value:  Size  Location     Type
                  1    wreg      void 
 Registers used:
		wreg
 Tracked objects:
		On entry : 
		On exit  : 
		Unchanged: 
 Data sizes:     COMRAM   BANK0   BANK1   BANK2   BANK3   BANK4   BANK5   BANK6   BANK7   BANK8   BANK9  BANK10  BANK11  BANK12  BANK13  BANK14
      Params:         0       0       0       0       0       0       0       0       0       0       0       0       0       0       0       0
      Locals:         1       0       0       0       0       0       0       0       0       0       0       0       0       0       0       0
      Temps:          0       0       0       0       0       0       0       0       0       0       0       0       0       0       0       0
      Totals:         1       0       0       0       0       0       0       0       0       0       0       0       0       0       0       0
Total ram usage:        1 bytes
 Hardware stack levels used:    1
 Hardware stack levels required when called:    4
 This function calls:
		Nothing
 This function is called by:
		_main
		_checkPosFlankButtons
		_LCD_Clear
		_LCD_GotoXY
		_LCD_Putc
		_LCD_Init
		_LCD_Home
		_LCD_ShiftLeft
		_LCD_ShiftRight
		_LCD_SetCursorMode
 This function uses a non-reentrant model


 *************** function _INTERRUPT_InterruptManager *****************
 Defined at:
		line 58 in file "mcc_generated_files/interrupt_manager.c"
 Parameters:    Size  Location     Type
		None
 Auto vars:     Size  Location     Type
		None
 Return value:  Size  Location     Type
                  1    wreg      void 
 Registers used:
		wreg, status,2, status,0, pclath, tosl, cstack
 Tracked objects:
		On entry : 
		On exit  : 
		Unchanged: 
 Data sizes:     COMRAM   BANK0   BANK1   BANK2   BANK3   BANK4   BANK5   BANK6   BANK7   BANK8   BANK9  BANK10  BANK11  BANK12  BANK13  BANK14
      Params:         0       0       0       0       0       0       0       0       0       0       0       0       0       0       0       0
      Locals:         0       0       0       0       0       0       0       0       0       0       0       0       0       0       0       0
      Temps:          2       0       0       0       0       0       0       0       0       0       0       0       0       0       0       0
      Totals:         2       0       0       0       0       0       0       0       0       0       0       0       0       0       0       0
Total ram usage:        2 bytes
 Hardware stack levels used:    1
 Hardware stack levels required when called:    3
 This function calls:
		_TMR6_ISR
 This function is called by:
		Interrupt level 2
 This function uses a non-reentrant model


 *************** function _TMR6_ISR *****************
 Defined at:
		line 165 in file "mcc_generated_files/tmr6.c"
 Parameters:    Size  Location     Type
		None
 Auto vars:     Size  Location     Type
		None
 Return value:  Size  Location     Type
                  1    wreg      void 
 Registers used:
		wreg, status,2, status,0, pclath, tosl, cstack
 Tracked objects:
		On entry : 
		On exit  : 
		Unchanged: 
 Data sizes:     COMRAM   BANK0   BANK1   BANK2   BANK3   BANK4   BANK5   BANK6   BANK7   BANK8   BANK9  BANK10  BANK11  BANK12  BANK13  BANK14
      Params:         0       0       0       0       0       0       0       0       0       0       0       0       0       0       0       0
      Locals:         0       0       0       0       0       0       0       0       0       0       0       0       0       0       0       0
      Temps:          0       0       0       0       0       0       0       0       0       0       0       0       0       0       0       0
      Totals:         0       0       0       0       0       0       0       0       0       0       0       0       0       0       0       0
Total ram usage:        0 bytes
 Hardware stack levels used:    1
 Hardware stack levels required when called:    2
 This function calls:
		_TMR6_CallBack
 This function is called by:
		_INTERRUPT_InterruptManager
 This function uses a non-reentrant model


 *************** function _TMR6_CallBack *****************
 Defined at:
		line 176 in file "mcc_generated_files/tmr6.c"
 Parameters:    Size  Location     Type
		None
 Auto vars:     Size  Location     Type
		None
 Return value:  Size  Location     Type
                  1    wreg      void 
 Registers used:
		wreg, status,2, status,0, pclath, tosl, cstack
 Tracked objects:
		On entry : 
		On exit  : 
		Unchanged: 
 Data sizes:     COMRAM   BANK0   BANK1   BANK2   BANK3   BANK4   BANK5   BANK6   BANK7   BANK8   BANK9  BANK10  BANK11  BANK12  BANK13  BANK14
      Params:         0       0       0       0       0       0       0       0       0       0       0       0       0       0       0       0
      Locals:         0       0       0       0       0       0       0       0       0       0       0       0       0       0       0       0
      Temps:          0       0       0       0       0       0       0       0       0       0       0       0       0       0       0       0
      Totals:         0       0       0       0       0       0       0       0       0       0       0       0       0       0       0       0
Total ram usage:        0 bytes
 Hardware stack levels used:    1
 Hardware stack levels required when called:    1
 This function calls:
		Absolute function
		_LOOPDELAY_TimerISR
		_TMR6_DefaultInterruptHandler
 This function is called by:
		_TMR6_ISR
 This function uses a non-reentrant model


 *************** function _LOOPDELAY_TimerISR *****************
 Defined at:
		line 65 in file "src/legotoeff_loopdelay.c"
 Parameters:    Size  Location     Type
		None
 Auto vars:     Size  Location     Type
		None
 Return value:  Size  Location     Type
                  1    wreg      void 
 Registers used:
		status,2, status,0
 Tracked objects:
		On entry : 
		On exit  : 
		Unchanged: 
 Data sizes:     COMRAM   BANK0   BANK1   BANK2   BANK3   BANK4   BANK5   BANK6   BANK7   BANK8   BANK9  BANK10  BANK11  BANK12  BANK13  BANK14
      Params:         0       0       0       0       0       0       0       0       0       0       0       0       0       0       0       0
      Locals:         0       0       0       0       0       0       0       0       0       0       0       0       0       0       0       0
      Temps:          0       0       0       0       0       0       0       0       0       0       0       0       0       0       0       0
      Totals:         0       0       0       0       0       0       0       0       0       0       0       0       0       0       0       0
Total ram usage:        0 bytes
 Hardware stack levels used:    1
 This function calls:
		Nothing
 This function is called by:
		_main
		_TMR6_CallBack
 This function uses a non-reentrant model


 *************** function _TMR6_DefaultInterruptHandler *****************
 Defined at:
		line 190 in file "mcc_generated_files/tmr6.c"
 Parameters:    Size  Location     Type
		None
 Auto vars:     Size  Location     Type
		None
 Return value:  Size  Location     Type
                  1    wreg      void 
 Registers used:
		None
 Tracked objects:
		On entry : 
		On exit  : 
		Unchanged: 
 Data sizes:     COMRAM   BANK0   BANK1   BANK2   BANK3   BANK4   BANK5   BANK6   BANK7   BANK8   BANK9  BANK10  BANK11  BANK12  BANK13  BANK14
      Params:         0       0       0       0       0       0       0       0       0       0       0       0       0       0       0       0
      Locals:         0       0       0       0       0       0       0       0       0       0       0       0       0       0       0       0
      Temps:          0       0       0       0       0       0       0       0       0       0       0       0       0       0       0       0
      Totals:         0       0       0       0       0       0       0       0       0       0       0       0       0       0       0       0
Total ram usage:        0 bytes
 Hardware stack levels used:    1
 This function calls:
		Nothing
 This function is called by:
		_TMR6_Initialize
		_TMR6_CallBack
 This function uses a non-reentrant model



MODULE INFORMATION

Module		Function		Class		Link	Load	Size
mcc_generated_files/examples/i2c1_master_example.c
		_wr1RegCompleteHandler		CODE           	12BF0	0000	48
		_wr2RegCompleteHandler		CODE           	12C80	0000	48
		_I2C1_Write1ByteRegister		CODE           	123D8	0000	118
		_rdBlkRegCompleteHandler		CODE           	128A4	0000	68
		_rd1RegCompleteHandler		CODE           	12C50	0000	48
		_rd2RegCompleteHandler		CODE           	12C20	0000	48
		_I2C1_WriteNBytes		CODE           	126B0	0000	94
		_I2C1_Read1ByteRegister		CODE           	122E0	0000	124

mcc_generated_files/examples/i2c1_master_example.c estimated size: 596

C:\Program Files\Microchip\xc8\v2.31\pic\sources\c99\common\isdigit.c
		_isdigit       		CODE           	12A88	0000	56

C:\Program Files\Microchip\xc8\v2.31\pic\sources\c99\common\isdigit.c estimated size: 56

mcc_generated_files/tmr6.c
		_TMR6_CallBack 		CODE           	12B5E	0000	50
		_TMR6_ISR      		CODE           	12FDA	0000	10
		_TMR6_Initialize		CODE           	12CB0	0000	48
		_TMR6_SetInterruptHandler		CODE           	12F6A	0000	14
		_TMR6_DefaultInterruptHandler		CODE           	1307A	0000	2

mcc_generated_files/tmr6.c estimated size: 124

mcc_generated_files/tmr4.c
		_TMR4_Initialize		CODE           	12E0E	0000	30

mcc_generated_files/tmr4.c estimated size: 30

mcc_generated_files/i2c1_master.c
		_I2C1_DO_SEND_RESTART		CODE           	1300C	0000	8
		_I2C1_DO_TX_EMPTY		CODE           	12262	0000	126
		_I2C1_DO_SEND_RESTART_READ		CODE           	1301C	0000	8
		_I2C1_CallbackReturnStop		CODE           	1305E	0000	4
		_I2C1_DO_RX    		CODE           	11E48	0000	168
		_I2C1_DO_TX    		CODE           	11BFA	0000	200
		_I2C1_SetAddressNackCallback		CODE           	12E4A	0000	28
		_I2C1_DO_IDLE  		CODE           	12FBA	0000	12
		_I2C1_MasterOpen		CODE           	12DAC	0000	34
		_I2C1_DO_RCEN  		CODE           	12FAE	0000	12
		_I2C1_MasterSendTxData		CODE           	13024	0000	8
		_I2C1_MasterStop		CODE           	13062	0000	4
		_I2C1_CallbackReturnReset		CODE           	1305A	0000	4
		_I2C1_DO_RESET 		CODE           	12FA2	0000	12
		_I2C1_MasterStartRx		CODE           	13056	0000	4
		_I2C1_Poller   		CODE           	12DF0	0000	30
		_I2C1_DO_RX_ACK		CODE           	12FFC	0000	8
		_I2C1_MasterWaitForEvent		CODE           	12F38	0000	18
		_I2C1_MasterSendNack		CODE           	13040	0000	6
		_I2C1_DO_RX_NACK_RESTART		CODE           	12FEC	0000	8
		_I2C1_MasterDisableIrq		CODE           	13046	0000	6
		_I2C1_MasterOperation		CODE           	12860	0000	68
		_I2C1_SetCallback		CODE           	121DE	0000	132
		_I2C1_MasterEnableRestart		CODE           	13066	0000	4
		_I2C1_Open     		CODE           	11EF0	0000	162
		_I2C1_DO_ADDRESS_NACK		CODE           	124BA	0000	108
		_I2C1_SetBuffer		CODE           	12D88	0000	36
		_I2C1_DO_SEND_RESTART_WRITE		CODE           	13014	0000	8
		_I2C1_MasterClose		CODE           	1306E	0000	4
		_I2C1_MasterWrite		CODE           	12FE4	0000	8
		_I2C1_Initialize		CODE           	12F24	0000	20
		_I2C1_Close    		CODE           	12D0E	0000	44
		_I2C1_MasterIsNack		CODE           	12EFC	0000	20
		_I2C1_MasterStart		CODE           	1306A	0000	4
		_I2C1_DO_SEND_ADR_WRITE		CODE           	12F4A	0000	16
		_I2C1_MasterClearIrq		CODE           	1304C	0000	6
		_I2C1_SetDataCompleteCallback		CODE           	12E66	0000	28
		_I2C1_DO_SEND_STOP		CODE           	13004	0000	8
		_I2C1_MasterSendAck		CODE           	1303A	0000	6
		_I2C1_MasterFsm		CODE           	1244E	0000	108
		_I2C1_MasterGetRxData		CODE           	13052	0000	4
		_I2C1_MasterSetIrq		CODE           	13034	0000	6
		_I2C1_DO_SEND_ADR_READ		CODE           	12F5A	0000	16
		_I2C1_DO_RX_NACK_STOP		CODE           	12FF4	0000	8

mcc_generated_files/i2c1_master.c estimated size: 1532

mcc_generated_files/pwm4.c
		_PWM4_Initialize		CODE           	12ED0	0000	22
		_PWM4_LoadDutyValue		CODE           	12AF6	0000	52

mcc_generated_files/pwm4.c estimated size: 74

C:\Program Files\Microchip\xc8\v2.31\pic\sources\c99\common\nf_fputs.c
		_fputs         		CODE           	128E8	0000	68

C:\Program Files\Microchip\xc8\v2.31\pic\sources\c99\common\nf_fputs.c estimated size: 68

mcc_generated_files/tmr2.c
		_TMR2_Initialize		CODE           	12E2C	0000	30

mcc_generated_files/tmr2.c estimated size: 30

mcc_generated_files/interrupt_manager.c
		_INTERRUPT_Initialize		CODE           	13072	0000	4
		_INTERRUPT_InterruptManager		CODE           	0008	0000	70

mcc_generated_files/interrupt_manager.c estimated size: 74

C:\Program Files\Microchip\xc8\v2.31\pic\sources\c99\common\printf.c
		_printf        		CODE           	12D3A	0000	40

C:\Program Files\Microchip\xc8\v2.31\pic\sources\c99\common\printf.c estimated size: 40

C:\Program Files\Microchip\xc8\v2.31\pic\sources\c99\common\lomod.c
		___lomod       		CODE           	11B2A	0000	208

C:\Program Files\Microchip\xc8\v2.31\pic\sources\c99\common\lomod.c estimated size: 208

C:\Program Files\Microchip\xc8\v2.31\pic\sources\c99\common\aomod.c
		___aomod       		CODE           	118D6	0000	356

C:\Program Files\Microchip\xc8\v2.31\pic\sources\c99\common\aomod.c estimated size: 356

src/legotoeff_helpers.c
		_DelayUS       		CODE           	1258C	0000	100

src/legotoeff_helpers.c estimated size: 100

C:\Program Files\Microchip\xc8\v2.31\pic\sources\c99\common\atoi.c
		_atoi          		CODE           	115AA	0000	420

C:\Program Files\Microchip\xc8\v2.31\pic\sources\c99\common\atoi.c estimated size: 420

C:\Program Files\Microchip\xc8\v2.31\pic\sources\c99\common\abs.c
		_abs           		CODE           	1292C	0000	64

C:\Program Files\Microchip\xc8\v2.31\pic\sources\c99\common\abs.c estimated size: 64

C:\Program Files\Microchip\xc8\v2.31\pic\sources\c99\common\strlen.c
		_strlen        		CODE           	12AC0	0000	54

C:\Program Files\Microchip\xc8\v2.31\pic\sources\c99\common\strlen.c estimated size: 54

mcc_generated_files/pin_manager.c
		_PIN_MANAGER_Initialize		CODE           	11F92	0000	162

mcc_generated_files/pin_manager.c estimated size: 162

src/legotoeff_lcddriver.c
		_LCD_Init      		CODE           	1276C	0000	86
		_putch         		CODE           	12FC6	0000	10
		_LCD_SendByte  		CODE           	12E9E	0000	26
		_LCD_Putc      		CODE           	125F0	0000	98
		_LCD_Clear     		CODE           	12F10	0000	20
		_LCD_GotoXY    		CODE           	12A50	0000	56
		_LCD_GetSpecChar		CODE           	1235C	0000	124

src/legotoeff_lcddriver.c estimated size: 420

newmain.c
		_main          		CODE           	10000	0000	1682
		_rgbSensorInit 		CODE           	12652	0000	94
		_rgbReadColor  		CODE           	120CA	0000	138
		_testUBATLOW   		CODE           	12B90	0000	48
		_distancesensorReadDistance		CODE           	12BC0	0000	48
		_checkPosFlankButtons		CODE           	1116A	0000	576

newmain.c estimated size: 2586

src/legotoeff_loopdelay.c
		_LOOPDELAY_TimerISR		CODE           	1302C	0000	8
		_LOOPDELAY_Wait		CODE           	12DCE	0000	34
		_LOOPDELAY_Init		CODE           	12FD0	0000	10

src/legotoeff_loopdelay.c estimated size: 52

inc/legotoeff_mux.c
		_muxSetChannel 		CODE           	12154	0000	138

inc/legotoeff_mux.c estimated size: 138

C:\Program Files\Microchip\xc8\v2.31\pic\sources\c99\common\isupper.c
		_isupper       		CODE           	12A18	0000	56

C:\Program Files\Microchip\xc8\v2.31\pic\sources\c99\common\isupper.c estimated size: 56

C:\Program Files\Microchip\xc8\v2.31\pic\sources\c99\common\lodiv.c
		___lodiv       		CODE           	11A3A	0000	240

C:\Program Files\Microchip\xc8\v2.31\pic\sources\c99\common\lodiv.c estimated size: 240

C:\Program Files\Microchip\xc8\v2.31\pic\sources\c99\common\aodiv.c
		___aodiv       		CODE           	1174E	0000	392

C:\Program Files\Microchip\xc8\v2.31\pic\sources\c99\common\aodiv.c estimated size: 392

C:\Program Files\Microchip\xc8\v2.31\pic\sources\c99\common\nf_fputc.c
		_fputc         		CODE           	12034	0000	150

C:\Program Files\Microchip\xc8\v2.31\pic\sources\c99\common\nf_fputc.c estimated size: 150

shared
		__initialization		CODE           	129A8	0000	46
		_i2c1_fsmStateTable		MEDIUMCONST    	FEBD	0000	48

shared estimated size: 94

mcc_generated_files/eusart1.c
		_EUSART1_Initialize		CODE           	12814	0000	76
		_EUSART1_SetFramingErrorHandler		CODE           	12F86	0000	14
		_EUSART1_SetOverrunErrorHandler		CODE           	12F78	0000	14
		_EUSART1_SetErrorHandler		CODE           	12F94	0000	14

mcc_generated_files/eusart1.c estimated size: 118

C:\Program Files\Microchip\xc8\v2.31\pic\sources\c99\common\islower.c
		_islower       		CODE           	129E0	0000	56

C:\Program Files\Microchip\xc8\v2.31\pic\sources\c99\common\islower.c estimated size: 56

mcc_generated_files/mcc.c
		_PMD_Initialize		CODE           	12E82	0000	28
		_OSCILLATOR_Initialize		CODE           	12EB8	0000	24
		_SYSTEM_Initialize		CODE           	12CE0	0000	46

mcc_generated_files/mcc.c estimated size: 98

mcc_generated_files/pwm3.c
		_PWM3_Initialize		CODE           	12EE6	0000	22
		_PWM3_LoadDutyValue		CODE           	12B2A	0000	52

mcc_generated_files/pwm3.c estimated size: 74

C:\Program Files\Microchip\xc8\v2.31\pic\sources\c99\common\awdiv.c
		___awdiv       		CODE           	11CC2	0000	196

C:\Program Files\Microchip\xc8\v2.31\pic\sources\c99\common\awdiv.c estimated size: 196

C:\Program Files\Microchip\xc8\v2.31\pic\sources\c99\common\doprnt.c
		_vfpfcnvrt     		CODE           	10692	0000	1318
		_pad           		CODE           	11D86	0000	194
		_dtoa          		CODE           	10BB8	0000	734
		_vfprintf      		CODE           	12526	0000	102
		_utoa          		CODE           	113AA	0000	512
		_xtoa          		CODE           	10E96	0000	724

C:\Program Files\Microchip\xc8\v2.31\pic\sources\c99\common\doprnt.c estimated size: 3584

C:\Program Files\Microchip\xc8\v2.31\pic\sources\c99\common\toupper.c
		_toupper       		CODE           	1270E	0000	94

C:\Program Files\Microchip\xc8\v2.31\pic\sources\c99\common\toupper.c estimated size: 94

C:\Program Files\Microchip\xc8\v2.31\pic\sources\c99\common\isalpha.c
		_isalpha       		CODE           	1296C	0000	60

C:\Program Files\Microchip\xc8\v2.31\pic\sources\c99\common\isalpha.c estimated size: 60

C:\Program Files\Microchip\xc8\v2.31\pic\sources\c99\common\isspace.c
		_isspace       		CODE           	127C2	0000	82

C:\Program Files\Microchip\xc8\v2.31\pic\sources\c99\common\isspace.c estimated size: 82

C:\Program Files\Microchip\xc8\v2.31\pic\sources\c99\common\Umul16.c
		___wmul        		CODE           	12D62	0000	38

C:\Program Files\Microchip\xc8\v2.31\pic\sources\c99\common\Umul16.c estimated size: 38

